ترکیب                                                 متن    زمینه نسبت حداقل نتیجه
------------------------------------------------------------------------------------------------------------
متن سفید روی سرمه‌ای اصلی (دکمه اصلی، ناوبری فعال) #FFFFFF   #143C4D    11.78    4.5 PASS
متن سرمه‌ای روی آبی هدر                #143C4D   #6ABFE7     5.73    4.5 PASS
متن سرمه‌ای روی سبز موفقیت          #143C4D   #21D483     6.06    4.5 PASS
متن سرمه‌ای روی زرد هشدار            #143C4D   #FFC658     7.55    4.5 PASS
متن سفید روی قرمز خطا                     #FFFFFF   #B3261E     6.54    4.5 PASS
متن اصلی روی پس‌زمینه صفحه          #1F2A30   #F7F9FA    13.89    4.5 PASS
متن اصلی روی سطح کارت                     #1F2A30   #FFFFFF    14.66    4.5 PASS
متن کم‌رنگ روی سطح کارت                #4F6570   #FFFFFF     6.13    4.5 PASS
متن کم‌رنگ روی پس‌زمینه صفحه     #4F6570   #F7F9FA     5.80    4.5 PASS
متن سرمه‌ای روی خاکستری خنثی      #143C4D   #E4EAEE     9.70    4.5 PASS
متن سرمه‌ای روی کارت muted               #143C4D   #F1F5F7    10.74    4.5 PASS
حلقه focus سرمه‌ای روی پس‌زمینه صفحه (غیرمتنی ۳:۱) #143C4D   #F7F9FA    11.15    3.0 PASS
حاشیه ورودی روی سطح کارت (غیرمتنی ۳:۱) #4F6570   #FFFFFF     6.13    3.0 PASS
شناسه و نسخه روی زمینه chip فنی       #143C4D   #EEF4F7    10.61    4.5 PASS
سرستون جدول سلامت روی زمینه chip فنی #143C4D   #EEF4F7    10.61    4.5 PASS
متن جدول تفاوت روی زمینهٔ کهربایی کم‌رنگ #1F2A30   #FFF9EC    13.97    4.5 PASS
مقدار تایپ‌شده (پررنگ) روی همان زمینه #0F2E3B   #FFF9EC    13.58    4.5 PASS
راهنمای خاکستری روی همان زمینه   #4F6570   #FFF9EC     5.84    4.5 PASS
وضعیت منتشرشده روی زمینهٔ سبز کم‌رنگ #0F5132   #E6F8EF     8.49    4.5 PASS
وضعیت در انتظار روی زمینهٔ کهربایی #6B4B00   #FFF4DB     7.30    4.5 PASS
وضعیت تعلیق روی زمینهٔ قرمز کم‌رنگ #8A1C15   #FDECEA     8.13    4.5 PASS
وضعیت پیش‌نویس روی خاکستری خنثی #1F2A30   #E4EAEE    12.08    4.5 PASS
نشان «نسخهٔ پیشنهادی» روی زمینهٔ کهربایی روشن #1F2A30   #FFF7E6    13.76    4.5 PASS
زمینهٔ چیپ فیلتر فعال روی سطح کارت (غیرمتنی ۳:۱) #143C4D   #FFFFFF    11.78    3.0 PASS
شمارندهٔ «در انتظار بررسی» روی نشان قرمز منو #FFFFFF   #D63638     4.73    4.5 PASS

failures: 0
